// Vitest Snapshot v1, https://vitest.dev/guide/snapshot.html

exports[`RainCanvas.vue > génère un snapshot HTML 1`] = `"<canvas data-v-5a7eb9f7="" class="rain-canvas" width="1024" height="768"></canvas>"`;
